// Jest Snapshot v1, https://goo.gl/fbAQLP

exports[`TextArea Component renders the UI as expected 1`] = `
<div
  className="input"
>
  <label>
    Label
  </label>
  <textarea
    defaultValue=""
    id="defaultInput"
    onChange={[Function]}
    placeholder=""
    required={false}
  />
</div>
`;
